##########
#....SS..#     ###################
#........#     #.................#
#........#     #.................#
#........#######.................#              ###
#........|.....|.....R...........#          #####u#
#........#######.................#          #.....#
#..@.....#     #..........R......#          #.....#
#........#     #.................#          ##|####
#........#     #.................#           #.#
##########     ####|##############           #.#
                  #.#                        #.#   
                  #.#                        #.#   
         ##########|##########################.############
         #................................................#
         #......................................R.........#
         #................................................#
         #................................................#
         #................................................#
         #................................................#
         #................................................#
         #................................................#
         #.................................R..............#
         #...R............................................#
         #......R.........................................#
         ####|#############################################
            #.#
            #.#
            #.#
            #.#
            #.#####
            #.....#
            #..S..#
            #######
         