##########
#........#     ###################
#........#     #.................#
#........#     #.................#
#........#######.................#
#........|.....|.................#          #####d#
#........#######.................#          #.....#
#........#     #..........R......#          #@....#
#........#     #.................#          ##|####
#........#     #.................#           #.#
##########     ####|##############           #.#
                  #.#                        #.#   
                  #.#                        #.#   
         ##########|##########################.############
         #................................................#
         #......................................R.........#
         #................................................#
         #....S...........................................#
         #................................................#
         #...............................S................#
         #................................................#
         #.......................S........................#
         #................................................#
         #................................................#
         #................................................#
         ####|#############################################
            #.#
            #.#
            #.#
            #.#
            #.#####
            #.....#
            #..S..#
            #######
         